#!/bin/sh
# 由 sbx 自动生成，请勿手工编辑
# 用法: sh iptables.sh apply|clear
IN=SBX_IN
OUT=SBX_OUT

clear_one() {
  B="$1"
  "$B" -w -D INPUT -j "$IN" 2>/dev/null
  "$B" -w -D OUTPUT -j "$OUT" 2>/dev/null
  "$B" -w -F "$IN" 2>/dev/null; "$B" -w -X "$IN" 2>/dev/null
  "$B" -w -F "$OUT" 2>/dev/null; "$B" -w -X "$OUT" 2>/dev/null
}

apply_one() {
  B="$1"
  command -v "$B" >/dev/null 2>&1 || return 0
  clear_one "$B"
  "$B" -w -N "$IN"  2>/dev/null
  "$B" -w -N "$OUT" 2>/dev/null
  "$B" -w -I INPUT 1 -j "$IN"
  "$B" -w -I OUTPUT 1 -j "$OUT"
  "$B" -w -A "$IN"  -m comment --comment "sbx:epoch:42"
  "$B" -w -A "$IN"  -i lo -j RETURN
  "$B" -w -A "$OUT" -o lo -j RETURN
  "$B" -w -A "$IN"  -m comment --comment "sbx:sys:i"
  "$B" -w -A "$OUT" -m comment --comment "sbx:sys:o"
  "$B" -w -A "$IN"  -p tcp --dport 443 -m comment --comment "sbx:n1:i"
  "$B" -w -A "$OUT" -p tcp --sport 443 -m comment --comment "sbx:n1:o"
  "$B" -w -A "$IN"  -p tcp --dport 8388 -m comment --comment "sbx:n2:i"
  "$B" -w -A "$OUT" -p tcp --sport 8388 -m comment --comment "sbx:n2:o"
  "$B" -w -A "$IN"  -p udp --dport 8388 -m comment --comment "sbx:n2:i"
  "$B" -w -A "$OUT" -p udp --sport 8388 -m comment --comment "sbx:n2:o"
}

case "${1:-apply}" in
  apply) apply_one iptables; apply_one ip6tables ;;
  clear) clear_one iptables; clear_one ip6tables ;;
  *) echo "用法: $0 apply|clear" >&2; exit 2 ;;
esac
